// Jest Snapshot v1, https://goo.gl/fbAQLP

exports[`<Video /> should match snapshot 1`] = `
.c0 {
  width: 100%;
  height: 100%;
  -o-object-fit: cover;
  object-fit: cover;
}

<video
  autoplay=""
  class="c0"
  data-testid="MyVideo"
  loop=""
>
  <source
    src="video.mp4"
    type="video/mp4"
  />
</video>
`;
